<html>
<body>
<pre>
<h1>礦ision Build Log</h1>
<h2>Tool Versions:</h2>
IDE-Version: μVision V5.15
Copyright (C) 2015 ARM Ltd and ARM Germany GmbH. All rights reserved.
License Information: H Yoole, SEU, LIC=V8574-FF44M-NSGYQ-NBZA4-YGS92-9K7L2
 
Tool Versions:
Toolchain:       MDK-ARM Professional  Version: 5.15.0
Toolchain Path:  E:\KEIL_uvision5\ARM\ARMCC\Bin
C Compiler:      Armcc.exe V5.05 update 2 (build 169)
Assembler:       Armasm.exe V5.05 update 2 (build 169)
Linker/Locator:  ArmLink.exe V5.05 update 2 (build 169)
Library Manager: ArmAr.exe V5.05 update 2 (build 169)
Hex Converter:   FromElf.exe V5.05 update 2 (build 169)
CPU DLL:         SARMCM3.DLL V5.15.0
Dialog DLL:      DCM.DLL V1.13.2.0
Target DLL:      STLink\ST-LINKIII-KEIL_SWO.dll V2.0.15.0_KEIL
Dialog DLL:      TCM.DLL V1.14.5.0
 
<h2>Project:</h2>
C:\Users\arc\Desktop\叉车与人定位\整合代码\rtc_sleep_wkup59\rtc_sleep_wkup\UWBA_Application_TwoWayRangingDS\Project\ProjSTM32.uvprojx
Project File Date:  05/05/2019

<h2>Output:</h2>
*** Using Compiler 'V5.06 update 5 (build 528)', folder: 'E:\KEIL_uvision5\ARM\ARMCC\Bin'
Build target 'STM32F411C'
compiling main.c...
..\Program\main.c(174): warning:  #177-D: function "resp_msg_set_ts" was declared but never referenced
  static void resp_msg_set_ts( uint8_t *ts_field, const uint64_t ts )
..\Program\main.c(180): warning:  #177-D: function "resp_msg_get_ts" was declared but never referenced
  static void resp_msg_get_ts( uint8_t *ts_field, uint32_t *ts )
..\Program\main.c: 2 warnings, 0 errors
linking...
Program Size: Code=12068 RO-data=632 RW-data=228 ZI-data=1956  
".\Objects\STM32F411C.axf" - 0 Error(s), 2 Warning(s).

<h2>Collection of Component include folders:</h2>
  C:\Users\arc\Desktop\叉车与人定位\整合代码\rtc_sleep_wkup59\rtc_sleep_wkup\UWBA_Application_TwoWayRangingDS\Project\RTE
  E:\KEIL_uvision5\ARM\PACK\Keil\STM32F4xx_DFP\2.5.0\Drivers\CMSIS\Device\ST\STM32F4xx\Include

<h2>Collection of Component Files used:</h2>
</pre>
</body>
</html>
